
# Based on host file: ''
# Invalid nameservers: [1.2.3.4.5]
# Overrides: []
