nameserver 1.2.3.4
search invalid
options ndots:0 attempts:3

# Based on host file: ''
# Overrides: []
# Option ndots from: host
