
# Based on host file: ''
# Overrides: [nameservers search options]
