nameserver 127.0.0.11

# Based on host file: '/etc/resolv.conf' (internal resolver)
# ExtServers: [127.0.0.53]
# Overrides: [nameservers]
