nameserver 8.8.8.8
nameserver 8.8.4.4

# Based on host file: '/etc/resolv.conf' (legacy)
# Used default nameservers.
# Overrides: []
